service unavailable
├╴at rustyfill-errors/tests/test_debug_and_display.rs:219:10
│
╰┬▶ network timeout
 │  ├╴at rustyfill-errors/tests/test_debug_and_display.rs:216:37
 │  │
 │  ╰─▶ io error
 │      ╰╴at rustyfill-errors/tests/test_debug_and_display.rs:215:14
 ╰▶ retry exhausted
    ╰╴at rustyfill-errors/tests/test_debug_and_display.rs:218:10
